mode: set
Beego-Api-Project/services/property.go:17.23,19.30 2 0
Beego-Api-Project/services/property.go:19.30,21.3 1 0
Beego-Api-Project/services/property.go:23.2,24.16 2 0
Beego-Api-Project/services/property.go:24.16,27.3 2 0
Beego-Api-Project/services/property.go:30.2,31.54 2 0
Beego-Api-Project/services/property.go:31.54,34.3 2 0
Beego-Api-Project/services/property.go:36.2,38.12 3 0
Beego-Api-Project/services/property.go:42.65,44.16 2 1
Beego-Api-Project/services/property.go:44.16,47.3 2 0
Beego-Api-Project/services/property.go:49.2,50.36 2 1
Beego-Api-Project/services/property.go:50.36,53.3 2 1
Beego-Api-Project/services/property.go:55.2,56.22 2 1
Beego-Api-Project/services/property.go:56.22,58.3 1 1
Beego-Api-Project/services/property.go:59.2,60.19 2 1
Beego-Api-Project/services/property.go:60.19,62.3 1 1
Beego-Api-Project/services/property.go:64.2,99.3 1 1
Beego-Api-Project/services/property.go:104.41,106.26 2 0
Beego-Api-Project/services/property.go:106.26,108.3 1 0
Beego-Api-Project/services/property.go:109.2,109.15 1 0
Beego-Api-Project/services/property.go:113.65,114.26 1 1
Beego-Api-Project/services/property.go:114.26,115.17 1 1
Beego-Api-Project/services/property.go:115.17,117.4 1 1
Beego-Api-Project/services/property.go:119.2,119.41 1 1
Beego-Api-Project/services/property.go:124.72,125.61 1 1
Beego-Api-Project/services/property.go:125.61,127.3 1 1
Beego-Api-Project/services/property.go:128.2,128.61 1 1
Beego-Api-Project/services/property.go:128.61,130.3 1 1
Beego-Api-Project/services/property.go:132.2,132.73 1 1
Beego-Api-Project/services/property.go:132.73,134.3 1 0
Beego-Api-Project/services/property.go:135.2,135.83 1 1
Beego-Api-Project/services/property.go:135.83,137.3 1 0
Beego-Api-Project/services/property.go:138.2,138.71 1 1
Beego-Api-Project/services/property.go:138.71,140.3 1 0
Beego-Api-Project/services/property.go:141.2,141.65 1 1
Beego-Api-Project/services/property.go:141.65,143.3 1 1
Beego-Api-Project/services/property.go:144.2,144.82 1 1
Beego-Api-Project/services/property.go:144.82,146.3 1 0
Beego-Api-Project/services/property.go:147.2,147.50 1 1
Beego-Api-Project/services/property.go:147.50,149.3 1 1
Beego-Api-Project/services/property.go:150.2,150.69 1 1
Beego-Api-Project/services/property.go:150.69,152.3 1 0
Beego-Api-Project/services/property.go:154.2,154.88 1 1
Beego-Api-Project/services/property.go:154.88,156.3 1 1
Beego-Api-Project/services/property.go:157.2,157.13 1 1
Beego-Api-Project/services/property.go:161.72,163.26 2 1
Beego-Api-Project/services/property.go:163.26,164.26 1 1
Beego-Api-Project/services/property.go:164.26,165.12 1 1
Beego-Api-Project/services/property.go:167.3,167.40 1 0
Beego-Api-Project/services/property.go:169.2,169.56 1 1
Beego-Api-Project/services/property.go:169.56,171.3 1 0
Beego-Api-Project/services/property.go:173.2,173.15 1 1
Beego-Api-Project/services/property.go:177.68,178.27 1 1
Beego-Api-Project/services/property.go:178.27,179.37 1 1
Beego-Api-Project/services/property.go:179.37,180.14 1 1
Beego-Api-Project/services/property.go:180.14,182.5 1 1
Beego-Api-Project/services/property.go:185.2,185.14 1 1
